  Determining projects to restore...
C:\Users\╨Ф╨╝╨╕╤В╤А╨╛\Downloads\FinalProject.API\FinalProject.API.csproj : warning NU1903: Package 'AutoMapper' 12.0.1 has a known high severity vulnerability, https://github.com/advisories/GHSA-rvv3-g6hj-g44x
C:\Users\╨Ф╨╝╨╕╤В╤А╨╛\Downloads\FinalProject.API\FinalProject.BLL\FinalProject.BLL.csproj : warning NU1903: Package 'AutoMapper' 12.0.1 has a known high severity vulnerability, https://github.com/advisories/GHSA-rvv3-g6hj-g44x [C:\Users\╨Ф╨╝╨╕╤В╤А╨╛\Downloads\FinalProject.API\FinalProject.API.csproj]
  All projects are up-to-date for restore.
C:\Users\╨Ф╨╝╨╕╤В╤А╨╛\Downloads\FinalProject.API\FinalProject.API.csproj : warning NU1903: Package 'AutoMapper' 12.0.1 has a known high severity vulnerability, https://github.com/advisories/GHSA-rvv3-g6hj-g44x
C:\Users\╨Ф╨╝╨╕╤В╤А╨╛\Downloads\FinalProject.API\FinalProject.BLL\FinalProject.BLL.csproj : warning NU1903: Package 'AutoMapper' 12.0.1 has a known high severity vulnerability, https://github.com/advisories/GHSA-rvv3-g6hj-g44x
  FinalProject.DAL -> C:\Users\╨Ф╨╝╨╕╤В╤А╨╛\Downloads\FinalProject.API\FinalProject.DAL\bin\Debug\net10.0\FinalProject.DAL.dll
  FinalProject.BLL -> C:\Users\╨Ф╨╝╨╕╤В╤А╨╛\Downloads\FinalProject.API\FinalProject.BLL\bin\Debug\net10.0\FinalProject.BLL.dll
C:\Users\╨Ф╨╝╨╕╤В╤А╨╛\Downloads\FinalProject.API\Services\TelegramBotService.cs(54,51): warning CS8604: Possible null reference argument for parameter 'fromUser' in 'Task<UserDto?> TelegramBotService.GetOrCreateUserAsync(User fromUser)'. [C:\Users\╨Ф╨╝╨╕╤В╤А╨╛\Downloads\FinalProject.API\FinalProject.API.csproj]
C:\Users\╨Ф╨╝╨╕╤В╤А╨╛\Downloads\FinalProject.API\Services\TelegramBotService.cs(84,40): warning CS8604: Possible null reference argument for parameter 'args' in 'Task TelegramBotService.AddTaskAsync(string[] args, UserDto user)'. [C:\Users\╨Ф╨╝╨╕╤В╤А╨╛\Downloads\FinalProject.API\FinalProject.API.csproj]
C:\Users\╨Ф╨╝╨╕╤В╤А╨╛\Downloads\FinalProject.API\Services\TelegramBotService.cs(88,45): warning CS8604: Possible null reference argument for parameter 'args' in 'Task TelegramBotService.CompleteTaskAsync(string[] args, UserDto user)'. [C:\Users\╨Ф╨╝╨╕╤В╤А╨╛\Downloads\FinalProject.API\FinalProject.API.csproj]
C:\Users\╨Ф╨╝╨╕╤В╤А╨╛\Downloads\FinalProject.API\Services\TelegramBotService.cs(96,44): warning CS8604: Possible null reference argument for parameter 'args' in 'Task TelegramBotService.AddCategoryAsync(string[] args, UserDto user)'. [C:\Users\╨Ф╨╝╨╕╤В╤А╨╛\Downloads\FinalProject.API\FinalProject.API.csproj]
C:\Users\╨Ф╨╝╨╕╤В╤А╨╛\Downloads\FinalProject.API\Services\TelegramBotService.cs(104,44): warning CS8604: Possible null reference argument for parameter 'args' in 'Task TelegramBotService.AddReminderAsync(string[] args, UserDto user)'. [C:\Users\╨Ф╨╝╨╕╤В╤А╨╛\Downloads\FinalProject.API\FinalProject.API.csproj]
C:\Users\╨Ф╨╝╨╕╤В╤А╨╛\Downloads\FinalProject.API\Services\TelegramBotHostedService.cs(41,23): warning CS0618: 'TelegramBotClientExtensions.SetWebhookAsync(ITelegramBotClient, string, InputFileStream?, string?, int?, IEnumerable<UpdateType>?, bool, string?, CancellationToken)' is obsolete: 'We removed all Async suffix from method names. Use SetWebhook instead' [C:\Users\╨Ф╨╝╨╕╤В╤А╨╛\Downloads\FinalProject.API\FinalProject.API.csproj]
C:\Users\╨Ф╨╝╨╕╤В╤А╨╛\Downloads\FinalProject.API\Services\TelegramBotService.cs(144,19): warning CS0618: 'TelegramBotClientExtensions.AnswerCallbackQueryAsync(ITelegramBotClient, string, string?, bool, string?, int?, CancellationToken)' is obsolete: 'We removed all Async suffix from method names. Use AnswerCallbackQuery instead' [C:\Users\╨Ф╨╝╨╕╤В╤А╨╛\Downloads\FinalProject.API\FinalProject.API.csproj]
C:\Users\╨Ф╨╝╨╕╤В╤А╨╛\Downloads\FinalProject.API\Services\TelegramBotService.cs(123,25): warning CS8602: Dereference of a possibly null reference. [C:\Users\╨Ф╨╝╨╕╤В╤А╨╛\Downloads\FinalProject.API\FinalProject.API.csproj]
C:\Users\╨Ф╨╝╨╕╤В╤А╨╛\Downloads\FinalProject.API\Services\TelegramBotService.cs(177,19): warning CS0618: 'TelegramBotClientExtensions.SendTextMessageAsync(ITelegramBotClient, ChatId, string, int?, ParseMode, IEnumerable<MessageEntity>?, LinkPreviewOptions?, bool, bool, bool, string?, ReplyParameters?, ReplyMarkup?, string?, CancellationToken)' is obsolete: 'We removed all Async suffix from method names. Use SendMessage instead' [C:\Users\╨Ф╨╝╨╕╤В╤А╨╛\Downloads\FinalProject.API\FinalProject.API.csproj]
C:\Users\╨Ф╨╝╨╕╤В╤А╨╛\Downloads\FinalProject.API\Services\TelegramBotService.cs(196,23): warning CS0618: 'TelegramBotClientExtensions.SendTextMessageAsync(ITelegramBotClient, ChatId, string, int?, ParseMode, IEnumerable<MessageEntity>?, LinkPreviewOptions?, bool, bool, bool, string?, ReplyParameters?, ReplyMarkup?, string?, CancellationToken)' is obsolete: 'We removed all Async suffix from method names. Use SendMessage instead' [C:\Users\╨Ф╨╝╨╕╤В╤А╨╛\Downloads\FinalProject.API\FinalProject.API.csproj]
C:\Users\╨Ф╨╝╨╕╤В╤А╨╛\Downloads\FinalProject.API\Services\TelegramBotService.cs(222,19): warning CS0618: 'TelegramBotClientExtensions.SendTextMessageAsync(ITelegramBotClient, ChatId, string, int?, ParseMode, IEnumerable<MessageEntity>?, LinkPreviewOptions?, bool, bool, bool, string?, ReplyParameters?, ReplyMarkup?, string?, CancellationToken)' is obsolete: 'We removed all Async suffix from method names. Use SendMessage instead' [C:\Users\╨Ф╨╝╨╕╤В╤А╨╛\Downloads\FinalProject.API\FinalProject.API.csproj]
C:\Users\╨Ф╨╝╨╕╤В╤А╨╛\Downloads\FinalProject.API\Services\TelegramBotService.cs(231,23): warning CS0618: 'TelegramBotClientExtensions.SendTextMessageAsync(ITelegramBotClient, ChatId, string, int?, ParseMode, IEnumerable<MessageEntity>?, LinkPreviewOptions?, bool, bool, bool, string?, ReplyParameters?, ReplyMarkup?, string?, CancellationToken)' is obsolete: 'We removed all Async suffix from method names. Use SendMessage instead' [C:\Users\╨Ф╨╝╨╕╤В╤А╨╛\Downloads\FinalProject.API\FinalProject.API.csproj]
C:\Users\╨Ф╨╝╨╕╤В╤А╨╛\Downloads\FinalProject.API\Services\TelegramBotService.cs(241,19): warning CS0618: 'TelegramBotClientExtensions.SendTextMessageAsync(ITelegramBotClient, ChatId, string, int?, ParseMode, IEnumerable<MessageEntity>?, LinkPreviewOptions?, bool, bool, bool, string?, ReplyParameters?, ReplyMarkup?, string?, CancellationToken)' is obsolete: 'We removed all Async suffix from method names. Use SendMessage instead' [C:\Users\╨Ф╨╝╨╕╤В╤А╨╛\Downloads\FinalProject.API\FinalProject.API.csproj]
C:\Users\╨Ф╨╝╨╕╤В╤А╨╛\Downloads\FinalProject.API\Program.cs(64,7): error CS1061: 'IServiceCollectionQuartzConfigurator' does not contain a definition for 'UseMicrosoftDependencyInjection' and no accessible extension method 'UseMicrosoftDependencyInjection' accepting a first argument of type 'IServiceCollectionQuartzConfigurator' could be found (are you missing a using directive or an assembly reference?) [C:\Users\╨Ф╨╝╨╕╤В╤А╨╛\Downloads\FinalProject.API\FinalProject.API.csproj]
C:\Users\╨Ф╨╝╨╕╤В╤А╨╛\Downloads\FinalProject.API\Program.cs(119,44): error CS1061: 'ISchedulerFactory' does not contain a definition for 'GetSchedulerAsync' and no accessible extension method 'GetSchedulerAsync' accepting a first argument of type 'ISchedulerFactory' could be found (are you missing a using directive or an assembly reference?) [C:\Users\╨Ф╨╝╨╕╤В╤А╨╛\Downloads\FinalProject.API\FinalProject.API.csproj]
C:\Users\╨Ф╨╝╨╕╤В╤А╨╛\Downloads\FinalProject.API\Services\TelegramBotService.cs(250,23): warning CS0618: 'TelegramBotClientExtensions.SendTextMessageAsync(ITelegramBotClient, ChatId, string, int?, ParseMode, IEnumerable<MessageEntity>?, LinkPreviewOptions?, bool, bool, bool, string?, ReplyParameters?, ReplyMarkup?, string?, CancellationToken)' is obsolete: 'We removed all Async suffix from method names. Use SendMessage instead' [C:\Users\╨Ф╨╝╨╕╤В╤А╨╛\Downloads\FinalProject.API\FinalProject.API.csproj]
C:\Users\╨Ф╨╝╨╕╤В╤А╨╛\Downloads\FinalProject.API\Services\TelegramBotService.cs(270,19): warning CS0618: 'TelegramBotClientExtensions.SendTextMessageAsync(ITelegramBotClient, ChatId, string, int?, ParseMode, IEnumerable<MessageEntity>?, LinkPreviewOptions?, bool, bool, bool, string?, ReplyParameters?, ReplyMarkup?, string?, CancellationToken)' is obsolete: 'We removed all Async suffix from method names. Use SendMessage instead' [C:\Users\╨Ф╨╝╨╕╤В╤А╨╛\Downloads\FinalProject.API\FinalProject.API.csproj]
C:\Users\╨Ф╨╝╨╕╤В╤А╨╛\Downloads\FinalProject.API\Services\TelegramBotService.cs(288,19): warning CS0618: 'TelegramBotClientExtensions.SendTextMessageAsync(ITelegramBotClient, ChatId, string, int?, ParseMode, IEnumerable<MessageEntity>?, LinkPreviewOptions?, bool, bool, bool, string?, ReplyParameters?, ReplyMarkup?, string?, CancellationToken)' is obsolete: 'We removed all Async suffix from method names. Use SendMessage instead' [C:\Users\╨Ф╨╝╨╕╤В╤А╨╛\Downloads\FinalProject.API\FinalProject.API.csproj]
C:\Users\╨Ф╨╝╨╕╤В╤А╨╛\Downloads\FinalProject.API\Services\TelegramBotService.cs(295,23): warning CS0618: 'TelegramBotClientExtensions.SendTextMessageAsync(ITelegramBotClient, ChatId, string, int?, ParseMode, IEnumerable<MessageEntity>?, LinkPreviewOptions?, bool, bool, bool, string?, ReplyParameters?, ReplyMarkup?, string?, CancellationToken)' is obsolete: 'We removed all Async suffix from method names. Use SendMessage instead' [C:\Users\╨Ф╨╝╨╕╤В╤А╨╛\Downloads\FinalProject.API\FinalProject.API.csproj]
C:\Users\╨Ф╨╝╨╕╤В╤А╨╛\Downloads\FinalProject.API\Services\TelegramBotService.cs(307,19): warning CS0618: 'TelegramBotClientExtensions.SendTextMessageAsync(ITelegramBotClient, ChatId, string, int?, ParseMode, IEnumerable<MessageEntity>?, LinkPreviewOptions?, bool, bool, bool, string?, ReplyParameters?, ReplyMarkup?, string?, CancellationToken)' is obsolete: 'We removed all Async suffix from method names. Use SendMessage instead' [C:\Users\╨Ф╨╝╨╕╤В╤А╨╛\Downloads\FinalProject.API\FinalProject.API.csproj]
C:\Users\╨Ф╨╝╨╕╤В╤А╨╛\Downloads\FinalProject.API\Services\TelegramBotService.cs(314,23): warning CS0618: 'TelegramBotClientExtensions.SendTextMessageAsync(ITelegramBotClient, ChatId, string, int?, ParseMode, IEnumerable<MessageEntity>?, LinkPreviewOptions?, bool, bool, bool, string?, ReplyParameters?, ReplyMarkup?, string?, CancellationToken)' is obsolete: 'We removed all Async suffix from method names. Use SendMessage instead' [C:\Users\╨Ф╨╝╨╕╤В╤А╨╛\Downloads\FinalProject.API\FinalProject.API.csproj]
C:\Users\╨Ф╨╝╨╕╤В╤А╨╛\Downloads\FinalProject.API\Services\TelegramBotService.cs(320,23): warning CS0618: 'TelegramBotClientExtensions.SendTextMessageAsync(ITelegramBotClient, ChatId, string, int?, ParseMode, IEnumerable<MessageEntity>?, LinkPreviewOptions?, bool, bool, bool, string?, ReplyParameters?, ReplyMarkup?, string?, CancellationToken)' is obsolete: 'We removed all Async suffix from method names. Use SendMessage instead' [C:\Users\╨Ф╨╝╨╕╤В╤А╨╛\Downloads\FinalProject.API\FinalProject.API.csproj]
C:\Users\╨Ф╨╝╨╕╤В╤А╨╛\Downloads\FinalProject.API\Services\TelegramBotService.cs(327,23): warning CS0618: 'TelegramBotClientExtensions.SendTextMessageAsync(ITelegramBotClient, ChatId, string, int?, ParseMode, IEnumerable<MessageEntity>?, LinkPreviewOptions?, bool, bool, bool, string?, ReplyParameters?, ReplyMarkup?, string?, CancellationToken)' is obsolete: 'We removed all Async suffix from method names. Use SendMessage instead' [C:\Users\╨Ф╨╝╨╕╤В╤А╨╛\Downloads\FinalProject.API\FinalProject.API.csproj]
C:\Users\╨Ф╨╝╨╕╤В╤А╨╛\Downloads\FinalProject.API\Services\TelegramBotService.cs(331,23): warning CS0618: 'TelegramBotClientExtensions.SendTextMessageAsync(ITelegramBotClient, ChatId, string, int?, ParseMode, IEnumerable<MessageEntity>?, LinkPreviewOptions?, bool, bool, bool, string?, ReplyParameters?, ReplyMarkup?, string?, CancellationToken)' is obsolete: 'We removed all Async suffix from method names. Use SendMessage instead' [C:\Users\╨Ф╨╝╨╕╤В╤А╨╛\Downloads\FinalProject.API\FinalProject.API.csproj]
C:\Users\╨Ф╨╝╨╕╤В╤А╨╛\Downloads\FinalProject.API\Services\TelegramBotService.cs(339,23): warning CS0618: 'TelegramBotClientExtensions.SendTextMessageAsync(ITelegramBotClient, ChatId, string, int?, ParseMode, IEnumerable<MessageEntity>?, LinkPreviewOptions?, bool, bool, bool, string?, ReplyParameters?, ReplyMarkup?, string?, CancellationToken)' is obsolete: 'We removed all Async suffix from method names. Use SendMessage instead' [C:\Users\╨Ф╨╝╨╕╤В╤А╨╛\Downloads\FinalProject.API\FinalProject.API.csproj]
C:\Users\╨Ф╨╝╨╕╤В╤А╨╛\Downloads\FinalProject.API\Services\TelegramBotService.cs(347,19): warning CS0618: 'TelegramBotClientExtensions.SendTextMessageAsync(ITelegramBotClient, ChatId, string, int?, ParseMode, IEnumerable<MessageEntity>?, LinkPreviewOptions?, bool, bool, bool, string?, ReplyParameters?, ReplyMarkup?, string?, CancellationToken)' is obsolete: 'We removed all Async suffix from method names. Use SendMessage instead' [C:\Users\╨Ф╨╝╨╕╤В╤А╨╛\Downloads\FinalProject.API\FinalProject.API.csproj]
C:\Users\╨Ф╨╝╨╕╤В╤А╨╛\Downloads\FinalProject.API\Services\TelegramBotService.cs(354,23): warning CS0618: 'TelegramBotClientExtensions.SendTextMessageAsync(ITelegramBotClient, ChatId, string, int?, ParseMode, IEnumerable<MessageEntity>?, LinkPreviewOptions?, bool, bool, bool, string?, ReplyParameters?, ReplyMarkup?, string?, CancellationToken)' is obsolete: 'We removed all Async suffix from method names. Use SendMessage instead' [C:\Users\╨Ф╨╝╨╕╤В╤А╨╛\Downloads\FinalProject.API\FinalProject.API.csproj]
C:\Users\╨Ф╨╝╨╕╤В╤А╨╛\Downloads\FinalProject.API\Services\TelegramBotService.cs(367,19): warning CS0618: 'TelegramBotClientExtensions.SendTextMessageAsync(ITelegramBotClient, ChatId, string, int?, ParseMode, IEnumerable<MessageEntity>?, LinkPreviewOptions?, bool, bool, bool, string?, ReplyParameters?, ReplyMarkup?, string?, CancellationToken)' is obsolete: 'We removed all Async suffix from method names. Use SendMessage instead' [C:\Users\╨Ф╨╝╨╕╤В╤А╨╛\Downloads\FinalProject.API\FinalProject.API.csproj]
C:\Users\╨Ф╨╝╨╕╤В╤А╨╛\Downloads\FinalProject.API\Services\TelegramBotService.cs(375,23): warning CS0618: 'TelegramBotClientExtensions.SendTextMessageAsync(ITelegramBotClient, ChatId, string, int?, ParseMode, IEnumerable<MessageEntity>?, LinkPreviewOptions?, bool, bool, bool, string?, ReplyParameters?, ReplyMarkup?, string?, CancellationToken)' is obsolete: 'We removed all Async suffix from method names. Use SendMessage instead' [C:\Users\╨Ф╨╝╨╕╤В╤А╨╛\Downloads\FinalProject.API\FinalProject.API.csproj]
C:\Users\╨Ф╨╝╨╕╤В╤А╨╛\Downloads\FinalProject.API\Services\TelegramBotService.cs(379,23): warning CS0618: 'TelegramBotClientExtensions.SendTextMessageAsync(ITelegramBotClient, ChatId, string, int?, ParseMode, IEnumerable<MessageEntity>?, LinkPreviewOptions?, bool, bool, bool, string?, ReplyParameters?, ReplyMarkup?, string?, CancellationToken)' is obsolete: 'We removed all Async suffix from method names. Use SendMessage instead' [C:\Users\╨Ф╨╝╨╕╤В╤А╨╛\Downloads\FinalProject.API\FinalProject.API.csproj]
C:\Users\╨Ф╨╝╨╕╤В╤А╨╛\Downloads\FinalProject.API\Services\TelegramBotService.cs(388,23): warning CS0618: 'TelegramBotClientExtensions.SendTextMessageAsync(ITelegramBotClient, ChatId, string, int?, ParseMode, IEnumerable<MessageEntity>?, LinkPreviewOptions?, bool, bool, bool, string?, ReplyParameters?, ReplyMarkup?, string?, CancellationToken)' is obsolete: 'We removed all Async suffix from method names. Use SendMessage instead' [C:\Users\╨Ф╨╝╨╕╤В╤А╨╛\Downloads\FinalProject.API\FinalProject.API.csproj]
C:\Users\╨Ф╨╝╨╕╤В╤А╨╛\Downloads\FinalProject.API\Services\TelegramBotService.cs(392,23): warning CS0618: 'TelegramBotClientExtensions.SendTextMessageAsync(ITelegramBotClient, ChatId, string, int?, ParseMode, IEnumerable<MessageEntity>?, LinkPreviewOptions?, bool, bool, bool, string?, ReplyParameters?, ReplyMarkup?, string?, CancellationToken)' is obsolete: 'We removed all Async suffix from method names. Use SendMessage instead' [C:\Users\╨Ф╨╝╨╕╤В╤А╨╛\Downloads\FinalProject.API\FinalProject.API.csproj]
C:\Users\╨Ф╨╝╨╕╤В╤А╨╛\Downloads\FinalProject.API\Services\TelegramBotService.cs(403,23): warning CS0618: 'TelegramBotClientExtensions.SendTextMessageAsync(ITelegramBotClient, ChatId, string, int?, ParseMode, IEnumerable<MessageEntity>?, LinkPreviewOptions?, bool, bool, bool, string?, ReplyParameters?, ReplyMarkup?, string?, CancellationToken)' is obsolete: 'We removed all Async suffix from method names. Use SendMessage instead' [C:\Users\╨Ф╨╝╨╕╤В╤А╨╛\Downloads\FinalProject.API\FinalProject.API.csproj]
C:\Users\╨Ф╨╝╨╕╤В╤А╨╛\Downloads\FinalProject.API\Services\TelegramBotService.cs(415,19): warning CS0618: 'TelegramBotClientExtensions.SendTextMessageAsync(ITelegramBotClient, ChatId, string, int?, ParseMode, IEnumerable<MessageEntity>?, LinkPreviewOptions?, bool, bool, bool, string?, ReplyParameters?, ReplyMarkup?, string?, CancellationToken)' is obsolete: 'We removed all Async suffix from method names. Use SendMessage instead' [C:\Users\╨Ф╨╝╨╕╤В╤А╨╛\Downloads\FinalProject.API\FinalProject.API.csproj]
C:\Users\╨Ф╨╝╨╕╤В╤А╨╛\Downloads\FinalProject.API\Services\TelegramBotService.cs(420,19): warning CS0618: 'TelegramBotClientExtensions.SendTextMessageAsync(ITelegramBotClient, ChatId, string, int?, ParseMode, IEnumerable<MessageEntity>?, LinkPreviewOptions?, bool, bool, bool, string?, ReplyParameters?, ReplyMarkup?, string?, CancellationToken)' is obsolete: 'We removed all Async suffix from method names. Use SendMessage instead' [C:\Users\╨Ф╨╝╨╕╤В╤А╨╛\Downloads\FinalProject.API\FinalProject.API.csproj]
C:\Users\╨Ф╨╝╨╕╤В╤А╨╛\Downloads\FinalProject.API\Services\TelegramBotService.cs(439,23): warning CS0618: 'TelegramBotClientExtensions.SendTextMessageAsync(ITelegramBotClient, ChatId, string, int?, ParseMode, IEnumerable<MessageEntity>?, LinkPreviewOptions?, bool, bool, bool, string?, ReplyParameters?, ReplyMarkup?, string?, CancellationToken)' is obsolete: 'We removed all Async suffix from method names. Use SendMessage instead' [C:\Users\╨Ф╨╝╨╕╤В╤А╨╛\Downloads\FinalProject.API\FinalProject.API.csproj]

Build FAILED.

C:\Users\╨Ф╨╝╨╕╤В╤А╨╛\Downloads\FinalProject.API\FinalProject.API.csproj : warning NU1903: Package 'AutoMapper' 12.0.1 has a known high severity vulnerability, https://github.com/advisories/GHSA-rvv3-g6hj-g44x
C:\Users\╨Ф╨╝╨╕╤В╤А╨╛\Downloads\FinalProject.API\FinalProject.BLL\FinalProject.BLL.csproj : warning NU1903: Package 'AutoMapper' 12.0.1 has a known high severity vulnerability, https://github.com/advisories/GHSA-rvv3-g6hj-g44x [C:\Users\╨Ф╨╝╨╕╤В╤А╨╛\Downloads\FinalProject.API\FinalProject.API.csproj]
C:\Users\╨Ф╨╝╨╕╤В╤А╨╛\Downloads\FinalProject.API\FinalProject.API.csproj : warning NU1903: Package 'AutoMapper' 12.0.1 has a known high severity vulnerability, https://github.com/advisories/GHSA-rvv3-g6hj-g44x
C:\Users\╨Ф╨╝╨╕╤В╤А╨╛\Downloads\FinalProject.API\FinalProject.BLL\FinalProject.BLL.csproj : warning NU1903: Package 'AutoMapper' 12.0.1 has a known high severity vulnerability, https://github.com/advisories/GHSA-rvv3-g6hj-g44x
C:\Users\╨Ф╨╝╨╕╤В╤А╨╛\Downloads\FinalProject.API\Services\TelegramBotService.cs(54,51): warning CS8604: Possible null reference argument for parameter 'fromUser' in 'Task<UserDto?> TelegramBotService.GetOrCreateUserAsync(User fromUser)'. [C:\Users\╨Ф╨╝╨╕╤В╤А╨╛\Downloads\FinalProject.API\FinalProject.API.csproj]
C:\Users\╨Ф╨╝╨╕╤В╤А╨╛\Downloads\FinalProject.API\Services\TelegramBotService.cs(84,40): warning CS8604: Possible null reference argument for parameter 'args' in 'Task TelegramBotService.AddTaskAsync(string[] args, UserDto user)'. [C:\Users\╨Ф╨╝╨╕╤В╤А╨╛\Downloads\FinalProject.API\FinalProject.API.csproj]
C:\Users\╨Ф╨╝╨╕╤В╤А╨╛\Downloads\FinalProject.API\Services\TelegramBotService.cs(88,45): warning CS8604: Possible null reference argument for parameter 'args' in 'Task TelegramBotService.CompleteTaskAsync(string[] args, UserDto user)'. [C:\Users\╨Ф╨╝╨╕╤В╤А╨╛\Downloads\FinalProject.API\FinalProject.API.csproj]
C:\Users\╨Ф╨╝╨╕╤В╤А╨╛\Downloads\FinalProject.API\Services\TelegramBotService.cs(96,44): warning CS8604: Possible null reference argument for parameter 'args' in 'Task TelegramBotService.AddCategoryAsync(string[] args, UserDto user)'. [C:\Users\╨Ф╨╝╨╕╤В╤А╨╛\Downloads\FinalProject.API\FinalProject.API.csproj]
C:\Users\╨Ф╨╝╨╕╤В╤А╨╛\Downloads\FinalProject.API\Services\TelegramBotService.cs(104,44): warning CS8604: Possible null reference argument for parameter 'args' in 'Task TelegramBotService.AddReminderAsync(string[] args, UserDto user)'. [C:\Users\╨Ф╨╝╨╕╤В╤А╨╛\Downloads\FinalProject.API\FinalProject.API.csproj]
C:\Users\╨Ф╨╝╨╕╤В╤А╨╛\Downloads\FinalProject.API\Services\TelegramBotHostedService.cs(41,23): warning CS0618: 'TelegramBotClientExtensions.SetWebhookAsync(ITelegramBotClient, string, InputFileStream?, string?, int?, IEnumerable<UpdateType>?, bool, string?, CancellationToken)' is obsolete: 'We removed all Async suffix from method names. Use SetWebhook instead' [C:\Users\╨Ф╨╝╨╕╤В╤А╨╛\Downloads\FinalProject.API\FinalProject.API.csproj]
C:\Users\╨Ф╨╝╨╕╤В╤А╨╛\Downloads\FinalProject.API\Services\TelegramBotService.cs(144,19): warning CS0618: 'TelegramBotClientExtensions.AnswerCallbackQueryAsync(ITelegramBotClient, string, string?, bool, string?, int?, CancellationToken)' is obsolete: 'We removed all Async suffix from method names. Use AnswerCallbackQuery instead' [C:\Users\╨Ф╨╝╨╕╤В╤А╨╛\Downloads\FinalProject.API\FinalProject.API.csproj]
C:\Users\╨Ф╨╝╨╕╤В╤А╨╛\Downloads\FinalProject.API\Services\TelegramBotService.cs(123,25): warning CS8602: Dereference of a possibly null reference. [C:\Users\╨Ф╨╝╨╕╤В╤А╨╛\Downloads\FinalProject.API\FinalProject.API.csproj]
C:\Users\╨Ф╨╝╨╕╤В╤А╨╛\Downloads\FinalProject.API\Services\TelegramBotService.cs(177,19): warning CS0618: 'TelegramBotClientExtensions.SendTextMessageAsync(ITelegramBotClient, ChatId, string, int?, ParseMode, IEnumerable<MessageEntity>?, LinkPreviewOptions?, bool, bool, bool, string?, ReplyParameters?, ReplyMarkup?, string?, CancellationToken)' is obsolete: 'We removed all Async suffix from method names. Use SendMessage instead' [C:\Users\╨Ф╨╝╨╕╤В╤А╨╛\Downloads\FinalProject.API\FinalProject.API.csproj]
C:\Users\╨Ф╨╝╨╕╤В╤А╨╛\Downloads\FinalProject.API\Services\TelegramBotService.cs(196,23): warning CS0618: 'TelegramBotClientExtensions.SendTextMessageAsync(ITelegramBotClient, ChatId, string, int?, ParseMode, IEnumerable<MessageEntity>?, LinkPreviewOptions?, bool, bool, bool, string?, ReplyParameters?, ReplyMarkup?, string?, CancellationToken)' is obsolete: 'We removed all Async suffix from method names. Use SendMessage instead' [C:\Users\╨Ф╨╝╨╕╤В╤А╨╛\Downloads\FinalProject.API\FinalProject.API.csproj]
C:\Users\╨Ф╨╝╨╕╤В╤А╨╛\Downloads\FinalProject.API\Services\TelegramBotService.cs(222,19): warning CS0618: 'TelegramBotClientExtensions.SendTextMessageAsync(ITelegramBotClient, ChatId, string, int?, ParseMode, IEnumerable<MessageEntity>?, LinkPreviewOptions?, bool, bool, bool, string?, ReplyParameters?, ReplyMarkup?, string?, CancellationToken)' is obsolete: 'We removed all Async suffix from method names. Use SendMessage instead' [C:\Users\╨Ф╨╝╨╕╤В╤А╨╛\Downloads\FinalProject.API\FinalProject.API.csproj]
C:\Users\╨Ф╨╝╨╕╤В╤А╨╛\Downloads\FinalProject.API\Services\TelegramBotService.cs(231,23): warning CS0618: 'TelegramBotClientExtensions.SendTextMessageAsync(ITelegramBotClient, ChatId, string, int?, ParseMode, IEnumerable<MessageEntity>?, LinkPreviewOptions?, bool, bool, bool, string?, ReplyParameters?, ReplyMarkup?, string?, CancellationToken)' is obsolete: 'We removed all Async suffix from method names. Use SendMessage instead' [C:\Users\╨Ф╨╝╨╕╤В╤А╨╛\Downloads\FinalProject.API\FinalProject.API.csproj]
C:\Users\╨Ф╨╝╨╕╤В╤А╨╛\Downloads\FinalProject.API\Services\TelegramBotService.cs(241,19): warning CS0618: 'TelegramBotClientExtensions.SendTextMessageAsync(ITelegramBotClient, ChatId, string, int?, ParseMode, IEnumerable<MessageEntity>?, LinkPreviewOptions?, bool, bool, bool, string?, ReplyParameters?, ReplyMarkup?, string?, CancellationToken)' is obsolete: 'We removed all Async suffix from method names. Use SendMessage instead' [C:\Users\╨Ф╨╝╨╕╤В╤А╨╛\Downloads\FinalProject.API\FinalProject.API.csproj]
C:\Users\╨Ф╨╝╨╕╤В╤А╨╛\Downloads\FinalProject.API\Services\TelegramBotService.cs(250,23): warning CS0618: 'TelegramBotClientExtensions.SendTextMessageAsync(ITelegramBotClient, ChatId, string, int?, ParseMode, IEnumerable<MessageEntity>?, LinkPreviewOptions?, bool, bool, bool, string?, ReplyParameters?, ReplyMarkup?, string?, CancellationToken)' is obsolete: 'We removed all Async suffix from method names. Use SendMessage instead' [C:\Users\╨Ф╨╝╨╕╤В╤А╨╛\Downloads\FinalProject.API\FinalProject.API.csproj]
C:\Users\╨Ф╨╝╨╕╤В╤А╨╛\Downloads\FinalProject.API\Services\TelegramBotService.cs(270,19): warning CS0618: 'TelegramBotClientExtensions.SendTextMessageAsync(ITelegramBotClient, ChatId, string, int?, ParseMode, IEnumerable<MessageEntity>?, LinkPreviewOptions?, bool, bool, bool, string?, ReplyParameters?, ReplyMarkup?, string?, CancellationToken)' is obsolete: 'We removed all Async suffix from method names. Use SendMessage instead' [C:\Users\╨Ф╨╝╨╕╤В╤А╨╛\Downloads\FinalProject.API\FinalProject.API.csproj]
C:\Users\╨Ф╨╝╨╕╤В╤А╨╛\Downloads\FinalProject.API\Services\TelegramBotService.cs(288,19): warning CS0618: 'TelegramBotClientExtensions.SendTextMessageAsync(ITelegramBotClient, ChatId, string, int?, ParseMode, IEnumerable<MessageEntity>?, LinkPreviewOptions?, bool, bool, bool, string?, ReplyParameters?, ReplyMarkup?, string?, CancellationToken)' is obsolete: 'We removed all Async suffix from method names. Use SendMessage instead' [C:\Users\╨Ф╨╝╨╕╤В╤А╨╛\Downloads\FinalProject.API\FinalProject.API.csproj]
C:\Users\╨Ф╨╝╨╕╤В╤А╨╛\Downloads\FinalProject.API\Services\TelegramBotService.cs(295,23): warning CS0618: 'TelegramBotClientExtensions.SendTextMessageAsync(ITelegramBotClient, ChatId, string, int?, ParseMode, IEnumerable<MessageEntity>?, LinkPreviewOptions?, bool, bool, bool, string?, ReplyParameters?, ReplyMarkup?, string?, CancellationToken)' is obsolete: 'We removed all Async suffix from method names. Use SendMessage instead' [C:\Users\╨Ф╨╝╨╕╤В╤А╨╛\Downloads\FinalProject.API\FinalProject.API.csproj]
C:\Users\╨Ф╨╝╨╕╤В╤А╨╛\Downloads\FinalProject.API\Services\TelegramBotService.cs(307,19): warning CS0618: 'TelegramBotClientExtensions.SendTextMessageAsync(ITelegramBotClient, ChatId, string, int?, ParseMode, IEnumerable<MessageEntity>?, LinkPreviewOptions?, bool, bool, bool, string?, ReplyParameters?, ReplyMarkup?, string?, CancellationToken)' is obsolete: 'We removed all Async suffix from method names. Use SendMessage instead' [C:\Users\╨Ф╨╝╨╕╤В╤А╨╛\Downloads\FinalProject.API\FinalProject.API.csproj]
C:\Users\╨Ф╨╝╨╕╤В╤А╨╛\Downloads\FinalProject.API\Services\TelegramBotService.cs(314,23): warning CS0618: 'TelegramBotClientExtensions.SendTextMessageAsync(ITelegramBotClient, ChatId, string, int?, ParseMode, IEnumerable<MessageEntity>?, LinkPreviewOptions?, bool, bool, bool, string?, ReplyParameters?, ReplyMarkup?, string?, CancellationToken)' is obsolete: 'We removed all Async suffix from method names. Use SendMessage instead' [C:\Users\╨Ф╨╝╨╕╤В╤А╨╛\Downloads\FinalProject.API\FinalProject.API.csproj]
C:\Users\╨Ф╨╝╨╕╤В╤А╨╛\Downloads\FinalProject.API\Services\TelegramBotService.cs(320,23): warning CS0618: 'TelegramBotClientExtensions.SendTextMessageAsync(ITelegramBotClient, ChatId, string, int?, ParseMode, IEnumerable<MessageEntity>?, LinkPreviewOptions?, bool, bool, bool, string?, ReplyParameters?, ReplyMarkup?, string?, CancellationToken)' is obsolete: 'We removed all Async suffix from method names. Use SendMessage instead' [C:\Users\╨Ф╨╝╨╕╤В╤А╨╛\Downloads\FinalProject.API\FinalProject.API.csproj]
C:\Users\╨Ф╨╝╨╕╤В╤А╨╛\Downloads\FinalProject.API\Services\TelegramBotService.cs(327,23): warning CS0618: 'TelegramBotClientExtensions.SendTextMessageAsync(ITelegramBotClient, ChatId, string, int?, ParseMode, IEnumerable<MessageEntity>?, LinkPreviewOptions?, bool, bool, bool, string?, ReplyParameters?, ReplyMarkup?, string?, CancellationToken)' is obsolete: 'We removed all Async suffix from method names. Use SendMessage instead' [C:\Users\╨Ф╨╝╨╕╤В╤А╨╛\Downloads\FinalProject.API\FinalProject.API.csproj]
C:\Users\╨Ф╨╝╨╕╤В╤А╨╛\Downloads\FinalProject.API\Services\TelegramBotService.cs(331,23): warning CS0618: 'TelegramBotClientExtensions.SendTextMessageAsync(ITelegramBotClient, ChatId, string, int?, ParseMode, IEnumerable<MessageEntity>?, LinkPreviewOptions?, bool, bool, bool, string?, ReplyParameters?, ReplyMarkup?, string?, CancellationToken)' is obsolete: 'We removed all Async suffix from method names. Use SendMessage instead' [C:\Users\╨Ф╨╝╨╕╤В╤А╨╛\Downloads\FinalProject.API\FinalProject.API.csproj]
C:\Users\╨Ф╨╝╨╕╤В╤А╨╛\Downloads\FinalProject.API\Services\TelegramBotService.cs(339,23): warning CS0618: 'TelegramBotClientExtensions.SendTextMessageAsync(ITelegramBotClient, ChatId, string, int?, ParseMode, IEnumerable<MessageEntity>?, LinkPreviewOptions?, bool, bool, bool, string?, ReplyParameters?, ReplyMarkup?, string?, CancellationToken)' is obsolete: 'We removed all Async suffix from method names. Use SendMessage instead' [C:\Users\╨Ф╨╝╨╕╤В╤А╨╛\Downloads\FinalProject.API\FinalProject.API.csproj]
C:\Users\╨Ф╨╝╨╕╤В╤А╨╛\Downloads\FinalProject.API\Services\TelegramBotService.cs(347,19): warning CS0618: 'TelegramBotClientExtensions.SendTextMessageAsync(ITelegramBotClient, ChatId, string, int?, ParseMode, IEnumerable<MessageEntity>?, LinkPreviewOptions?, bool, bool, bool, string?, ReplyParameters?, ReplyMarkup?, string?, CancellationToken)' is obsolete: 'We removed all Async suffix from method names. Use SendMessage instead' [C:\Users\╨Ф╨╝╨╕╤В╤А╨╛\Downloads\FinalProject.API\FinalProject.API.csproj]
C:\Users\╨Ф╨╝╨╕╤В╤А╨╛\Downloads\FinalProject.API\Services\TelegramBotService.cs(354,23): warning CS0618: 'TelegramBotClientExtensions.SendTextMessageAsync(ITelegramBotClient, ChatId, string, int?, ParseMode, IEnumerable<MessageEntity>?, LinkPreviewOptions?, bool, bool, bool, string?, ReplyParameters?, ReplyMarkup?, string?, CancellationToken)' is obsolete: 'We removed all Async suffix from method names. Use SendMessage instead' [C:\Users\╨Ф╨╝╨╕╤В╤А╨╛\Downloads\FinalProject.API\FinalProject.API.csproj]
C:\Users\╨Ф╨╝╨╕╤В╤А╨╛\Downloads\FinalProject.API\Services\TelegramBotService.cs(367,19): warning CS0618: 'TelegramBotClientExtensions.SendTextMessageAsync(ITelegramBotClient, ChatId, string, int?, ParseMode, IEnumerable<MessageEntity>?, LinkPreviewOptions?, bool, bool, bool, string?, ReplyParameters?, ReplyMarkup?, string?, CancellationToken)' is obsolete: 'We removed all Async suffix from method names. Use SendMessage instead' [C:\Users\╨Ф╨╝╨╕╤В╤А╨╛\Downloads\FinalProject.API\FinalProject.API.csproj]
C:\Users\╨Ф╨╝╨╕╤В╤А╨╛\Downloads\FinalProject.API\Services\TelegramBotService.cs(375,23): warning CS0618: 'TelegramBotClientExtensions.SendTextMessageAsync(ITelegramBotClient, ChatId, string, int?, ParseMode, IEnumerable<MessageEntity>?, LinkPreviewOptions?, bool, bool, bool, string?, ReplyParameters?, ReplyMarkup?, string?, CancellationToken)' is obsolete: 'We removed all Async suffix from method names. Use SendMessage instead' [C:\Users\╨Ф╨╝╨╕╤В╤А╨╛\Downloads\FinalProject.API\FinalProject.API.csproj]
C:\Users\╨Ф╨╝╨╕╤В╤А╨╛\Downloads\FinalProject.API\Services\TelegramBotService.cs(379,23): warning CS0618: 'TelegramBotClientExtensions.SendTextMessageAsync(ITelegramBotClient, ChatId, string, int?, ParseMode, IEnumerable<MessageEntity>?, LinkPreviewOptions?, bool, bool, bool, string?, ReplyParameters?, ReplyMarkup?, string?, CancellationToken)' is obsolete: 'We removed all Async suffix from method names. Use SendMessage instead' [C:\Users\╨Ф╨╝╨╕╤В╤А╨╛\Downloads\FinalProject.API\FinalProject.API.csproj]
C:\Users\╨Ф╨╝╨╕╤В╤А╨╛\Downloads\FinalProject.API\Services\TelegramBotService.cs(388,23): warning CS0618: 'TelegramBotClientExtensions.SendTextMessageAsync(ITelegramBotClient, ChatId, string, int?, ParseMode, IEnumerable<MessageEntity>?, LinkPreviewOptions?, bool, bool, bool, string?, ReplyParameters?, ReplyMarkup?, string?, CancellationToken)' is obsolete: 'We removed all Async suffix from method names. Use SendMessage instead' [C:\Users\╨Ф╨╝╨╕╤В╤А╨╛\Downloads\FinalProject.API\FinalProject.API.csproj]
C:\Users\╨Ф╨╝╨╕╤В╤А╨╛\Downloads\FinalProject.API\Services\TelegramBotService.cs(392,23): warning CS0618: 'TelegramBotClientExtensions.SendTextMessageAsync(ITelegramBotClient, ChatId, string, int?, ParseMode, IEnumerable<MessageEntity>?, LinkPreviewOptions?, bool, bool, bool, string?, ReplyParameters?, ReplyMarkup?, string?, CancellationToken)' is obsolete: 'We removed all Async suffix from method names. Use SendMessage instead' [C:\Users\╨Ф╨╝╨╕╤В╤А╨╛\Downloads\FinalProject.API\FinalProject.API.csproj]
C:\Users\╨Ф╨╝╨╕╤В╤А╨╛\Downloads\FinalProject.API\Services\TelegramBotService.cs(403,23): warning CS0618: 'TelegramBotClientExtensions.SendTextMessageAsync(ITelegramBotClient, ChatId, string, int?, ParseMode, IEnumerable<MessageEntity>?, LinkPreviewOptions?, bool, bool, bool, string?, ReplyParameters?, ReplyMarkup?, string?, CancellationToken)' is obsolete: 'We removed all Async suffix from method names. Use SendMessage instead' [C:\Users\╨Ф╨╝╨╕╤В╤А╨╛\Downloads\FinalProject.API\FinalProject.API.csproj]
C:\Users\╨Ф╨╝╨╕╤В╤А╨╛\Downloads\FinalProject.API\Services\TelegramBotService.cs(415,19): warning CS0618: 'TelegramBotClientExtensions.SendTextMessageAsync(ITelegramBotClient, ChatId, string, int?, ParseMode, IEnumerable<MessageEntity>?, LinkPreviewOptions?, bool, bool, bool, string?, ReplyParameters?, ReplyMarkup?, string?, CancellationToken)' is obsolete: 'We removed all Async suffix from method names. Use SendMessage instead' [C:\Users\╨Ф╨╝╨╕╤В╤А╨╛\Downloads\FinalProject.API\FinalProject.API.csproj]
C:\Users\╨Ф╨╝╨╕╤В╤А╨╛\Downloads\FinalProject.API\Services\TelegramBotService.cs(420,19): warning CS0618: 'TelegramBotClientExtensions.SendTextMessageAsync(ITelegramBotClient, ChatId, string, int?, ParseMode, IEnumerable<MessageEntity>?, LinkPreviewOptions?, bool, bool, bool, string?, ReplyParameters?, ReplyMarkup?, string?, CancellationToken)' is obsolete: 'We removed all Async suffix from method names. Use SendMessage instead' [C:\Users\╨Ф╨╝╨╕╤В╤А╨╛\Downloads\FinalProject.API\FinalProject.API.csproj]
C:\Users\╨Ф╨╝╨╕╤В╤А╨╛\Downloads\FinalProject.API\Services\TelegramBotService.cs(439,23): warning CS0618: 'TelegramBotClientExtensions.SendTextMessageAsync(ITelegramBotClient, ChatId, string, int?, ParseMode, IEnumerable<MessageEntity>?, LinkPreviewOptions?, bool, bool, bool, string?, ReplyParameters?, ReplyMarkup?, string?, CancellationToken)' is obsolete: 'We removed all Async suffix from method names. Use SendMessage instead' [C:\Users\╨Ф╨╝╨╕╤В╤А╨╛\Downloads\FinalProject.API\FinalProject.API.csproj]
C:\Users\╨Ф╨╝╨╕╤В╤А╨╛\Downloads\FinalProject.API\Program.cs(64,7): error CS1061: 'IServiceCollectionQuartzConfigurator' does not contain a definition for 'UseMicrosoftDependencyInjection' and no accessible extension method 'UseMicrosoftDependencyInjection' accepting a first argument of type 'IServiceCollectionQuartzConfigurator' could be found (are you missing a using directive or an assembly reference?) [C:\Users\╨Ф╨╝╨╕╤В╤А╨╛\Downloads\FinalProject.API\FinalProject.API.csproj]
C:\Users\╨Ф╨╝╨╕╤В╤А╨╛\Downloads\FinalProject.API\Program.cs(119,44): error CS1061: 'ISchedulerFactory' does not contain a definition for 'GetSchedulerAsync' and no accessible extension method 'GetSchedulerAsync' accepting a first argument of type 'ISchedulerFactory' could be found (are you missing a using directive or an assembly reference?) [C:\Users\╨Ф╨╝╨╕╤В╤А╨╛\Downloads\FinalProject.API\FinalProject.API.csproj]
    38 Warning(s)
    2 Error(s)

Time Elapsed 00:00:01.38
